<html>
<body>
<pre>
<h1>µVision Build Log</h1>
<h2>Project:</h2>
D:\MyFiles-master\ARM\Serial\Serial.uvproj
Project File Date:  06/14/2020

<h2>Output:</h2>
Build target 'Target 1'
compiling seriallibrary.cpp...
linking...
Program Size: Code=2060 RO-data=32 RW-data=20 ZI-data=1404  
FromELF: creating hex file...
".\Serial.axf" - 0 Error(s), 0 Warning(s).
</pre>
</body>
</html>
erenced
        int r=a;
seriallibrary.cpp: 1 warning, 1 error
".\Serial.axf" - 1 Error(s), 1 Warning(s).
Target not created
-data=32 RW-data=20 ZI-data=1412  
FromELF: creating hex file...
".\Serial.axf" - 0 Error(s), 2 Warning(s).
